2025-11-24 06:37:42 | INFO | Loaded env from C:\Users\10169062\PyCharmMiscProject\email_service_env
2025-11-24 06:37:42 | INFO | Connecting to SMTP...
2025-11-24 06:37:49 | ERROR | Send failed: (535, b'5.7.139 Authentication unsuccessful, the request did not meet the criteria to be authenticated successfully. Contact your administrator. [CH2PR14CA0023.namprd14.prod.outlook.com 2025-11-24T12:37:40.831Z 08DE2AD632F54EF2]')
2025-11-24 06:53:13 | INFO | Outlook Desktop detected and loaded.
2025-11-24 06:53:35 | INFO | Outlook Desktop detected and loaded.
2025-11-24 06:53:35 | INFO | Loaded env from C:\Users\10169062\PyCharmMiscProject\email_service_env
2025-11-24 06:53:35 | ERROR | Missing required: OUTLOOK_SMTP_SERVER, OUTLOOK_EMAIL_ADDRESS, OUTLOOK_EMAIL_PASSWORD
2025-11-24 07:00:06 | INFO | Outlook Desktop detected and loaded.
2025-11-24 07:00:24 | INFO | Loaded env from C:\Users\10169062\PyCharmMiscProject\email_service_env
2025-11-24 07:00:24 | INFO | Outlook Desktop detected and loaded.
2025-11-24 07:00:24 | INFO | Loaded env from C:\Users\10169062\PyCharmMiscProject\email_service_env
2025-11-24 07:00:24 | ERROR | Missing required: OUTLOOK_SMTP_SERVER, OUTLOOK_EMAIL_ADDRESS, OUTLOOK_EMAIL_PASSWORD
2025-11-24 07:01:25 | INFO | Outlook Desktop detected and loaded.
2025-11-24 07:01:37 | INFO | Loaded env from C:\Users\10169062\PyCharmMiscProject\email_service_env
2025-11-24 07:01:37 | INFO | Outlook Desktop detected and loaded.
2025-11-24 07:01:37 | INFO | Loaded env from C:\Users\10169062\PyCharmMiscProject\email_service_env
2025-11-24 07:01:37 | INFO | Outlook mode selected — skipping SMTP validation.
2025-11-24 07:01:37 | INFO | EmailClient initialized with mode: OUTLOOK
2025-11-24 07:03:03 | INFO | Outlook Desktop detected and loaded.
2025-11-24 07:03:16 | INFO | Loaded env from C:\Users\10169062\PyCharmMiscProject\email_service_env
2025-11-24 07:03:16 | INFO | Outlook Desktop detected and loaded.
2025-11-24 07:03:16 | INFO | Loaded env from C:\Users\10169062\PyCharmMiscProject\email_service_env
2025-11-24 07:03:16 | INFO | Outlook mode selected — skipping SMTP validation.
2025-11-24 07:03:16 | INFO | EmailClient initialized with mode: OUTLOOK
2025-11-24 07:03:16 | ERROR | Outlook send failed: (-2147352567, 'Exception occurred.', (4096, 'Microsoft Outlook', 'The item has been moved or deleted.', None, 0, -2147221238), None)
2025-11-24 07:04:25 | INFO | Outlook Desktop detected and loaded.
2025-11-24 07:04:40 | INFO | Loaded env from C:\Users\10169062\PyCharmMiscProject\email_service_env
2025-11-24 07:04:40 | INFO | Outlook Desktop detected and loaded.
2025-11-24 07:04:40 | INFO | Loaded env from C:\Users\10169062\PyCharmMiscProject\email_service_env
2025-11-24 07:04:40 | INFO | Outlook mode selected — skipping SMTP validation.
2025-11-24 07:04:40 | INFO | EmailClient initialized with mode: OUTLOOK
2025-11-24 07:04:40 | ERROR | Outlook send failed: GetNamespace.CreateItem
2025-11-24 07:06:46 | INFO | Outlook Desktop detected and loaded.
2025-11-24 07:07:08 | INFO | Loaded env from C:\Users\10169062\PyCharmMiscProject\email_service_env
2025-11-24 07:07:08 | INFO | Outlook Desktop detected and loaded.
2025-11-24 07:07:08 | INFO | Loaded env from C:\Users\10169062\PyCharmMiscProject\email_service_env
2025-11-24 07:07:08 | INFO | Outlook mode selected — skipping SMTP validation.
2025-11-24 07:07:08 | INFO | EmailClient initialized with mode: OUTLOOK
2025-11-24 07:07:08 | ERROR | Outlook send failed: (-2147352567, 'Exception occurred.', (4096, 'Microsoft Outlook', 'The item has been moved or deleted.', None, 0, -2147221238), None)
2025-11-24 07:09:16 | INFO | Outlook Desktop detected and loaded.
2025-11-24 07:09:31 | INFO | Loaded env from C:\Users\10169062\PyCharmMiscProject\email_service_env
2025-11-24 07:09:31 | INFO | Outlook Desktop detected and loaded.
2025-11-24 07:09:31 | INFO | Loaded env from C:\Users\10169062\PyCharmMiscProject\email_service_env
2025-11-24 07:09:31 | INFO | Outlook mode selected — skipping SMTP validation.
2025-11-24 07:09:31 | INFO | EmailClient initialized with mode: OUTLOOK
2025-11-24 07:09:31 | ERROR | Outlook send failed: (-2147352571, 'Type mismatch.', None, 1)
2025-11-24 07:12:11 | INFO | Outlook Desktop detected and loaded.
2025-11-24 07:12:27 | INFO | Loaded env from C:\Users\10169062\PyCharmMiscProject\email_service_env
2025-11-24 07:12:27 | INFO | Outlook Desktop detected and loaded.
2025-11-24 07:12:27 | INFO | Loaded env from C:\Users\10169062\PyCharmMiscProject\email_service_env
2025-11-24 07:12:27 | INFO | Outlook mode selected — skipping SMTP validation.
2025-11-24 07:12:27 | INFO | EmailClient initialized with mode: OUTLOOK
2025-11-24 07:12:27 | WARNING | Ignoring harmless Outlook COM warning: (-2147352567, 'Exception occurred.', (4096, 'Microsoft Outlook', 'The item has been moved or deleted.', None, 0, -2147221238), None)
2026-02-02 02:29:06 | WARNING | No env file found at C:\Users\10169062\PycharmProjects\orcdb\email_service_env
2026-02-02 02:29:06 | INFO | Outlook Desktop detected and loaded.
2026-02-02 02:29:06 | WARNING | No env file found at C:\Users\10169062\PycharmProjects\orcdb\email_service_env
2026-02-02 02:29:06 | ERROR | Missing required SMTP fields: OUTLOOK_SMTP_SERVER, OUTLOOK_EMAIL_ADDRESS, OUTLOOK_EMAIL_PASSWORD
2026-02-02 02:31:32 | INFO | Loaded env from C:\Users\10169062\PycharmProjects\orcdb\email_service_env
2026-02-02 02:31:32 | INFO | Outlook Desktop detected and loaded.
2026-02-02 02:31:32 | INFO | Loaded env from C:\Users\10169062\PycharmProjects\orcdb\email_service_env
2026-02-02 02:31:32 | INFO | Outlook mode selected — skipping SMTP validation.
2026-02-02 02:31:32 | INFO | EmailClient initialized with mode: OUTLOOK
2026-02-02 02:31:46 | WARNING | Ignoring harmless Outlook COM warning: (-2147352567, 'Exception occurred.', (4096, 'Microsoft Outlook', 'The item has been moved or deleted.', None, 0, -2147221238), None)
2026-02-02 05:12:00 | WARNING | No env file found at C:\Users\10169062\PycharmProjects\orcdb\app\email_service_env
2026-02-02 05:12:00 | INFO | Outlook Desktop detected and loaded.
2026-02-02 05:12:00 | WARNING | No env file found at C:\Users\10169062\PycharmProjects\orcdb\app\email_service_env
2026-02-02 05:12:00 | ERROR | Missing required SMTP fields: OUTLOOK_SMTP_SERVER, OUTLOOK_EMAIL_ADDRESS, OUTLOOK_EMAIL_PASSWORD
2026-02-02 05:12:08 | WARNING | No env file found at C:\Users\10169062\PycharmProjects\orcdb\app\email_service_env
2026-02-02 05:12:08 | WARNING | Outlook Desktop not available: (-2147221008, 'CoInitialize has not been called.', None, None)
2026-02-02 05:12:08 | WARNING | No env file found at C:\Users\10169062\PycharmProjects\orcdb\app\email_service_env
2026-02-02 05:12:08 | ERROR | Missing required SMTP fields: OUTLOOK_SMTP_SERVER, OUTLOOK_EMAIL_ADDRESS, OUTLOOK_EMAIL_PASSWORD
2026-02-02 12:08:42 | WARNING | No env file found at C:\Users\10169062\PycharmProjects\orcdb\app\email_service_env
2026-02-02 12:08:43 | INFO | Outlook Desktop detected and loaded.
2026-02-02 12:08:43 | WARNING | No env file found at C:\Users\10169062\PycharmProjects\orcdb\app\email_service_env
2026-02-02 12:08:43 | ERROR | Missing required SMTP fields: OUTLOOK_SMTP_SERVER, OUTLOOK_EMAIL_ADDRESS, OUTLOOK_EMAIL_PASSWORD
2026-02-02 12:13:59 | INFO | Loaded env from C:\Users\10169062\PycharmProjects\orcdb\email_service_env
2026-02-02 12:14:00 | INFO | Outlook Desktop detected and loaded.
2026-02-02 12:14:00 | INFO | Loaded env from C:\Users\10169062\PycharmProjects\orcdb\email_service_env
2026-02-02 12:14:00 | INFO | Outlook mode selected — skipping SMTP validation.
2026-02-02 12:14:00 | INFO | EmailClient initialized with mode: OUTLOOK
2026-02-02 12:17:36 | WARNING | No env file found at C:\Users\10169062\PycharmProjects\orcdb\app\email_service_env
2026-02-02 12:17:36 | INFO | Outlook Desktop detected and loaded.
2026-02-02 12:17:36 | WARNING | No env file found at C:\Users\10169062\PycharmProjects\orcdb\app\email_service_env
2026-02-02 12:17:36 | ERROR | Missing required SMTP fields: OUTLOOK_SMTP_SERVER, OUTLOOK_EMAIL_ADDRESS, OUTLOOK_EMAIL_PASSWORD
2026-02-02 12:19:35 | INFO | Loaded env from C:\Users\10169062\PycharmProjects\orcdb\app\email_service_env
2026-02-02 12:19:35 | WARNING | Outlook Desktop not available: (-2147221008, 'CoInitialize has not been called.', None, None)
2026-02-02 12:19:35 | INFO | Loaded env from C:\Users\10169062\PycharmProjects\orcdb\app\email_service_env
2026-02-02 12:19:35 | INFO | Outlook mode selected — skipping SMTP validation.
2026-02-02 12:19:35 | INFO | EmailClient initialized with mode: OUTLOOK
2026-02-03 08:02:17 | INFO | Loaded env from C:\Users\10169062\PycharmProjects\orcdb\app\email_service_env
2026-02-03 08:02:18 | INFO | Outlook Desktop detected and loaded.
2026-02-03 08:02:18 | INFO | Loaded env from C:\Users\10169062\PycharmProjects\orcdb\app\email_service_env
2026-02-03 08:02:18 | INFO | Outlook mode selected — skipping SMTP validation.
2026-02-03 08:02:18 | INFO | EmailClient initialized with mode: OUTLOOK
2026-02-03 08:02:22 | WARNING | Ignoring harmless Outlook COM warning: (-2147352567, 'Exception occurred.', (4096, 'Microsoft Outlook', 'The item has been moved or deleted.', None, 0, -2147221238), None)
2026-02-03 08:17:06 | INFO | Loaded env from C:\Users\10169062\PycharmProjects\orcdb\app\email_service_env
2026-02-03 08:17:06 | WARNING | Outlook Desktop not available: (-2147221008, 'CoInitialize has not been called.', None, None)
2026-02-03 08:17:06 | INFO | Loaded env from C:\Users\10169062\PycharmProjects\orcdb\app\email_service_env
2026-02-03 08:17:06 | INFO | Outlook mode selected — skipping SMTP validation.
2026-02-03 08:17:06 | INFO | EmailClient initialized with mode: OUTLOOK
2026-02-03 08:36:11 | INFO | Loaded env from C:\Users\10169062\PycharmProjects\orcdb\app\email_service_env
2026-02-03 08:36:13 | INFO | Outlook Desktop detected and loaded.
2026-02-03 08:36:13 | INFO | Loaded env from C:\Users\10169062\PycharmProjects\orcdb\app\email_service_env
2026-02-03 08:36:13 | INFO | Outlook mode selected — skipping SMTP validation.
2026-02-03 08:36:13 | INFO | EmailClient initialized with mode: OUTLOOK
2026-02-03 08:58:16 | ERROR | Outlook send failed: (-2147352567, 'Exception occurred.', (4096, 'Microsoft Outlook', 'Cannot complete the operation. You are not connected.', None, 0, -2147352567), None)
2026-02-05 03:59:29 | INFO | Loaded env from C:\Users\10169062\PycharmProjects\orcdb\app\email_service_env
2026-02-05 03:59:29 | INFO | Outlook Desktop detected and loaded.
2026-02-05 03:59:29 | INFO | Loaded env from C:\Users\10169062\PycharmProjects\orcdb\app\email_service_env
2026-02-05 03:59:29 | INFO | Outlook mode selected — skipping SMTP validation.
2026-02-05 03:59:29 | INFO | EmailClient initialized with mode: OUTLOOK
2026-02-05 03:59:30 | WARNING | Ignoring harmless Outlook COM warning: (-2147352567, 'Exception occurred.', (4096, 'Microsoft Outlook', 'The item has been moved or deleted.', None, 0, -2147221238), None)
2026-02-05 04:01:18 | INFO | Loaded env from C:\Users\10169062\PycharmProjects\orcdb\app\email_service_env
2026-02-05 04:01:18 | WARNING | Outlook Desktop not available: (-2147221008, 'CoInitialize has not been called.', None, None)
2026-02-05 04:01:18 | INFO | Loaded env from C:\Users\10169062\PycharmProjects\orcdb\app\email_service_env
2026-02-05 04:01:18 | INFO | Outlook mode selected — skipping SMTP validation.
2026-02-05 04:01:18 | INFO | EmailClient initialized with mode: OUTLOOK
2026-02-05 06:10:51 | INFO | Loaded env from C:\Users\10169062\PycharmProjects\orcdb\app\email_service_env
2026-02-05 06:10:51 | INFO | Outlook Desktop detected and loaded.
2026-02-05 06:10:51 | INFO | Loaded env from C:\Users\10169062\PycharmProjects\orcdb\app\email_service_env
2026-02-05 06:10:51 | INFO | Outlook mode selected — skipping SMTP validation.
2026-02-05 06:10:51 | INFO | EmailClient initialized with mode: OUTLOOK
2026-02-05 06:10:51 | WARNING | Ignoring harmless Outlook COM warning: (-2147352567, 'Exception occurred.', (4096, 'Microsoft Outlook', 'The item has been moved or deleted.', None, 0, -2147221238), None)
2026-02-05 06:25:09 | INFO | Loaded env from C:\Users\10169062\PycharmProjects\orcdb\app\email_service_env
2026-02-05 06:25:09 | INFO | Outlook Desktop detected and loaded.
2026-02-05 06:25:09 | INFO | Loaded env from C:\Users\10169062\PycharmProjects\orcdb\app\email_service_env
2026-02-05 06:25:09 | INFO | Outlook mode selected — skipping SMTP validation.
2026-02-05 06:25:09 | INFO | EmailClient initialized with mode: OUTLOOK
2026-02-05 06:25:09 | ERROR | Outlook send failed: (-2147352567, 'Exception occurred.', (4096, 'Microsoft Outlook', 'Outlook does not recognize one or more names. ', None, 0, -2147467259), None)
2026-02-05 06:28:12 | INFO | Loaded env from C:\Users\10169062\PycharmProjects\orcdb\app\email_service_env
2026-02-05 06:28:12 | INFO | Outlook Desktop detected and loaded.
2026-02-05 06:28:12 | INFO | Loaded env from C:\Users\10169062\PycharmProjects\orcdb\app\email_service_env
2026-02-05 06:28:12 | INFO | Outlook mode selected — skipping SMTP validation.
2026-02-05 06:28:12 | INFO | EmailClient initialized with mode: OUTLOOK
2026-02-05 06:28:12 | ERROR | Outlook send failed: (-2147352567, 'Exception occurred.', (4096, 'Microsoft Outlook', 'Outlook does not recognize one or more names. ', None, 0, -2147467259), None)
2026-02-05 06:29:27 | INFO | Loaded env from C:\Users\10169062\PycharmProjects\orcdb\app\email_service_env
2026-02-05 06:29:27 | INFO | Outlook Desktop detected and loaded.
2026-02-05 06:29:27 | INFO | Loaded env from C:\Users\10169062\PycharmProjects\orcdb\app\email_service_env
2026-02-05 06:29:27 | INFO | Outlook mode selected — skipping SMTP validation.
2026-02-05 06:29:27 | INFO | EmailClient initialized with mode: OUTLOOK
2026-02-05 06:29:27 | ERROR | Outlook send failed: (-2147352567, 'Exception occurred.', (4096, 'Microsoft Outlook', 'Outlook does not recognize one or more names. ', None, 0, -2147467259), None)
2026-02-05 06:32:03 | INFO | Loaded env from C:\Users\10169062\PycharmProjects\orcdb\app\email_service_env
2026-02-05 06:32:03 | INFO | Outlook Desktop detected and loaded.
2026-02-05 06:32:03 | INFO | Loaded env from C:\Users\10169062\PycharmProjects\orcdb\app\email_service_env
2026-02-05 06:32:03 | INFO | Outlook mode selected — skipping SMTP validation.
2026-02-05 06:32:03 | INFO | EmailClient initialized with mode: OUTLOOK
2026-02-05 06:32:03 | ERROR | Outlook send failed: (-2147352567, 'Exception occurred.', (4096, 'Microsoft Outlook', 'Outlook does not recognize one or more names. ', None, 0, -2147467259), None)
2026-02-05 06:32:52 | INFO | Loaded env from C:\Users\10169062\PycharmProjects\orcdb\app\email_service_env
2026-02-05 06:32:52 | INFO | Outlook Desktop detected and loaded.
2026-02-05 06:32:52 | INFO | Loaded env from C:\Users\10169062\PycharmProjects\orcdb\app\email_service_env
2026-02-05 06:32:52 | INFO | Outlook mode selected — skipping SMTP validation.
2026-02-05 06:32:52 | INFO | EmailClient initialized with mode: OUTLOOK
2026-02-05 06:32:52 | WARNING | Ignoring harmless Outlook COM warning: (-2147352567, 'Exception occurred.', (4096, 'Microsoft Outlook', 'The item has been moved or deleted.', None, 0, -2147221238), None)
2026-02-05 06:35:55 | INFO | Loaded env from C:\Users\10169062\PycharmProjects\orcdb\app\email_service_env
2026-02-05 06:35:55 | INFO | Outlook Desktop detected and loaded.
2026-02-05 06:35:55 | INFO | Loaded env from C:\Users\10169062\PycharmProjects\orcdb\app\email_service_env
2026-02-05 06:35:55 | INFO | Outlook mode selected — skipping SMTP validation.
2026-02-05 06:35:55 | INFO | EmailClient initialized with mode: OUTLOOK
2026-02-05 06:38:19 | INFO | Loaded env from C:\Users\10169062\PycharmProjects\orcdb\app\email_service_env
2026-02-05 06:38:19 | INFO | Outlook Desktop detected and loaded.
2026-02-05 06:38:19 | INFO | Loaded env from C:\Users\10169062\PycharmProjects\orcdb\app\email_service_env
2026-02-05 06:38:19 | INFO | Outlook mode selected — skipping SMTP validation.
2026-02-05 06:38:19 | INFO | EmailClient initialized with mode: OUTLOOK
2026-02-06 03:11:28 | INFO | Loaded env from C:\Users\10169062\PycharmProjects\orcdb\app\email_service_env
2026-02-06 03:11:28 | INFO | Outlook Desktop detected and loaded.
2026-02-06 03:11:28 | INFO | Loaded env from C:\Users\10169062\PycharmProjects\orcdb\app\email_service_env
2026-02-06 03:11:28 | INFO | Outlook mode selected — skipping SMTP validation.
2026-02-06 03:11:28 | INFO | EmailClient initialized with mode: OUTLOOK
2026-02-06 03:15:10 | WARNING | No env file found at C:\Users\10169062\PycharmProjects\orcdb\email_service_env
2026-02-06 03:15:10 | INFO | Outlook Desktop detected and loaded.
2026-02-06 03:15:10 | WARNING | No env file found at C:\Users\10169062\PycharmProjects\orcdb\email_service_env
2026-02-06 03:15:10 | ERROR | Missing required SMTP fields: OUTLOOK_SMTP_SERVER, OUTLOOK_EMAIL_ADDRESS, OUTLOOK_EMAIL_PASSWORD
2026-02-06 03:17:53 | INFO | Loaded env from C:\Users\10169062\PycharmProjects\orcdb\email_service_env
2026-02-06 03:17:53 | INFO | Outlook Desktop detected and loaded.
2026-02-06 03:17:53 | INFO | Loaded env from C:\Users\10169062\PycharmProjects\orcdb\email_service_env
2026-02-06 03:17:53 | INFO | Outlook mode selected — skipping SMTP validation.
2026-02-06 03:17:53 | INFO | EmailClient initialized with mode: OUTLOOK
2026-02-06 03:18:58 | INFO | Loaded env from C:\Users\10169062\PycharmProjects\orcdb\app\email_service_env
2026-02-06 03:18:58 | INFO | Outlook Desktop detected and loaded.
2026-02-06 03:18:58 | INFO | Loaded env from C:\Users\10169062\PycharmProjects\orcdb\app\email_service_env
2026-02-06 03:18:58 | INFO | Outlook mode selected — skipping SMTP validation.
2026-02-06 03:18:58 | INFO | EmailClient initialized with mode: OUTLOOK
2026-02-06 03:23:24 | INFO | Loaded env from C:\Users\10169062\PycharmProjects\orcdb\email_service_env
2026-02-06 03:23:24 | INFO | Outlook Desktop detected and loaded.
2026-02-06 03:23:24 | INFO | Loaded env from C:\Users\10169062\PycharmProjects\orcdb\email_service_env
2026-02-06 03:23:24 | INFO | Outlook mode selected — skipping SMTP validation.
2026-02-06 03:23:24 | INFO | EmailClient initialized with mode: OUTLOOK
2026-02-06 03:25:53 | INFO | Loaded env from C:\Users\10169062\PycharmProjects\orcdb\email_service_env
2026-02-06 03:25:53 | INFO | Outlook Desktop detected and loaded.
2026-02-06 03:25:53 | INFO | Loaded env from C:\Users\10169062\PycharmProjects\orcdb\email_service_env
2026-02-06 03:25:53 | INFO | Outlook mode selected — skipping SMTP validation.
2026-02-06 03:25:53 | INFO | EmailClient initialized with mode: OUTLOOK
2026-02-06 03:26:20 | INFO | Loaded env from C:\Users\10169062\PycharmProjects\orcdb\app\email_service_env
2026-02-06 03:26:21 | WARNING | Outlook Desktop not available: (-2147221008, 'CoInitialize has not been called.', None, None)
2026-02-06 03:26:21 | INFO | Loaded env from C:\Users\10169062\PycharmProjects\orcdb\app\email_service_env
2026-02-06 03:26:21 | INFO | Outlook mode selected — skipping SMTP validation.
2026-02-06 03:26:21 | INFO | EmailClient initialized with mode: OUTLOOK
2026-02-06 03:28:27 | INFO | Loaded env from C:\Users\10169062\PycharmProjects\orcdb\app\email_service_env
2026-02-06 03:28:27 | WARNING | Outlook Desktop not available: (-2147221008, 'CoInitialize has not been called.', None, None)
2026-02-06 03:28:27 | INFO | Loaded env from C:\Users\10169062\PycharmProjects\orcdb\app\email_service_env
2026-02-06 03:28:27 | INFO | Outlook mode selected — skipping SMTP validation.
2026-02-06 03:28:27 | INFO | EmailClient initialized with mode: OUTLOOK
2026-02-06 03:31:33 | INFO | Loaded env from C:\Users\10169062\PycharmProjects\orcdb\app\email_service_env
2026-02-06 03:31:33 | INFO | Outlook Desktop detected and loaded.
2026-02-06 03:31:33 | INFO | Loaded env from C:\Users\10169062\PycharmProjects\orcdb\app\email_service_env
2026-02-06 03:31:33 | INFO | Outlook mode selected — skipping SMTP validation.
2026-02-06 03:31:33 | INFO | EmailClient initialized with mode: OUTLOOK
2026-02-06 03:32:51 | INFO | Loaded env from C:\Users\10169062\PycharmProjects\orcdb\app\email_service_env
2026-02-06 03:32:51 | INFO | Outlook Desktop detected and loaded.
2026-02-06 03:32:51 | INFO | Loaded env from C:\Users\10169062\PycharmProjects\orcdb\app\email_service_env
2026-02-06 03:32:51 | INFO | Outlook mode selected — skipping SMTP validation.
2026-02-06 03:32:51 | INFO | EmailClient initialized with mode: OUTLOOK
2026-02-06 03:34:25 | INFO | Loaded env from C:\Users\10169062\PycharmProjects\orcdb\app\email_service_env
2026-02-06 03:34:25 | INFO | Outlook Desktop detected and loaded.
2026-02-06 03:34:25 | INFO | Loaded env from C:\Users\10169062\PycharmProjects\orcdb\app\email_service_env
2026-02-06 03:34:25 | INFO | Outlook mode selected — skipping SMTP validation.
2026-02-06 03:34:25 | INFO | EmailClient initialized with mode: OUTLOOK
2026-02-06 03:35:16 | INFO | Loaded env from C:\Users\10169062\PycharmProjects\orcdb\app\email_service_env
2026-02-06 03:35:16 | INFO | Outlook Desktop detected and loaded.
2026-02-06 03:35:16 | INFO | Loaded env from C:\Users\10169062\PycharmProjects\orcdb\app\email_service_env
2026-02-06 03:35:16 | INFO | Outlook mode selected — skipping SMTP validation.
2026-02-06 03:35:16 | INFO | EmailClient initialized with mode: OUTLOOK
